// Jest Snapshot v1, https://goo.gl/fbAQLP

exports[`renders correctly 1`] = `
<View>
  <Text>
    Login
  </Text>
  <TextInput
    onChangeText={[Function]}
    placeholder="Username"
    testID="username"
    value=""
  />
  <TextInput
    onChangeText={[Function]}
    placeholder="Password"
    secureTextEntry={true}
    testID="password"
    value=""
  />
  <TextInput
    keyboardType="numeric"
    maxLength={10}
    onChangeText={[Function]}
    placeholder="Phone"
    testID="phone"
    value=""
  />
  <View
    accessibilityRole="button"
    accessible={true}
    collapsable={false}
    focusable={true}
    onClick={[Function]}
    onResponderGrant={[Function]}
    onResponderMove={[Function]}
    onResponderRelease={[Function]}
    onResponderTerminate={[Function]}
    onResponderTerminationRequest={[Function]}
    onStartShouldSetResponder={[Function]}
    style={
      Object {
        "opacity": 1,
      }
    }
    testID="btnSubmit"
  >
    <View
      style={
        Array [
          Object {},
        ]
      }
    >
      <Text
        style={
          Array [
            Object {
              "color": "#007AFF",
              "fontSize": 18,
              "margin": 8,
              "textAlign": "center",
            },
          ]
        }
      >
        Submit
      </Text>
    </View>
  </View>
</View>
`;
